// Jest Snapshot v1, https://goo.gl/fbAQLP

exports[`Test Article Content rendering options It should match snapshot 1`] = `
<article
  className="css-6p15e3"
>
  <header
    className="css-rg0tw2"
  >
    <h1
      className="css-q28qg0"
    />
    <h2
      className="css-q28qg0"
    >
       Author: 
      Unknown
       
    </h2>
    <small
      className="css-0"
    >
      Published at: 
      Invalid Date
    </small>
  </header>
  <img
    className="css-1t0xj7x"
  />
  <p
    className="css-1k46fjq"
  />
  <footer
    className="css-0"
  >
    Source:
    <a
      className="css-hnw5at"
      target="_blank"
    />
  </footer>
</article>
`;
